<!DOCTYPE html>
<html>
<head>
    <meta charset="UTF-8">
    <title>Webpack App</title>
</head>
<body>
<script type="text/javascript" src="index-c986ce2c5b807d243825.js"></script>
</body>
</html>
