<!DOCTYPE html>
<html>
<head>
    <meta charset="UTF-8">
    <title>Webpack App Output Folder</title>
</head>
<body>
<script type="text/javascript" src="index-391ce5a8374ac3b1bf96.js"></script>
</body>
</html>
